Archive member included to satisfy reference by file (symbol)

C:/ST/STM32CubeIDE_1.18.0/STM32CubeIDE/plugins/com.st.stm32cube.ide.mcu.externaltools.gnu-tools-for-stm32.13.3.rel1.win32_1.0.0.202411081344/tools/bin/../lib/gcc/arm-none-eabi/13.3.1/../../../../arm-none-eabi/lib/thumb/v7e-m+fp/hard\libc_nano.a(libc_a-exit.o)
                              C:/ST/STM32CubeIDE_1.18.0/STM32CubeIDE/plugins/com.st.stm32cube.ide.mcu.externaltools.gnu-tools-for-stm32.13.3.rel1.win32_1.0.0.202411081344/tools/bin/../lib/gcc/arm-none-eabi/13.3.1/../../../../arm-none-eabi/lib/thumb/v7e-m+fp/hard/crt0.o (exit)
C:/ST/STM32CubeIDE_1.18.0/STM32CubeIDE/plugins/com.st.stm32cube.ide.mcu.externaltools.gnu-tools-for-stm32.13.3.rel1.win32_1.0.0.202411081344/tools/bin/../lib/gcc/arm-none-eabi/13.3.1/../../../../arm-none-eabi/lib/thumb/v7e-m+fp/hard\libc_nano.a(libc_a-findfp.o)
                              C:/ST/STM32CubeIDE_1.18.0/STM32CubeIDE/plugins/com.st.stm32cube.ide.mcu.externaltools.gnu-tools-for-stm32.13.3.rel1.win32_1.0.0.202411081344/tools/bin/../lib/gcc/arm-none-eabi/13.3.1/../../../../arm-none-eabi/lib/thumb/v7e-m+fp/hard\libc_nano.a(libc_a-exit.o) (__stdio_exit_handler)
C:/ST/STM32CubeIDE_1.18.0/STM32CubeIDE/plugins/com.st.stm32cube.ide.mcu.externaltools.gnu-tools-for-stm32.13.3.rel1.win32_1.0.0.202411081344/tools/bin/../lib/gcc/arm-none-eabi/13.3.1/../../../../arm-none-eabi/lib/thumb/v7e-m+fp/hard\libc_nano.a(libc_a-fwalk.o)
                              C:/ST/STM32CubeIDE_1.18.0/STM32CubeIDE/plugins/com.st.stm32cube.ide.mcu.externaltools.gnu-tools-for-stm32.13.3.rel1.win32_1.0.0.202411081344/tools/bin/../lib/gcc/arm-none-eabi/13.3.1/../../../../arm-none-eabi/lib/thumb/v7e-m+fp/hard\libc_nano.a(libc_a-findfp.o) (_fwalk_sglue)
C:/ST/STM32CubeIDE_1.18.0/STM32CubeIDE/plugins/com.st.stm32cube.ide.mcu.externaltools.gnu-tools-for-stm32.13.3.rel1.win32_1.0.0.202411081344/tools/bin/../lib/gcc/arm-none-eabi/13.3.1/../../../../arm-none-eabi/lib/thumb/v7e-m+fp/hard\libc_nano.a(libc_a-stdio.o)
                              C:/ST/STM32CubeIDE_1.18.0/STM32CubeIDE/plugins/com.st.stm32cube.ide.mcu.externaltools.gnu-tools-for-stm32.13.3.rel1.win32_1.0.0.202411081344/tools/bin/../lib/gcc/arm-none-eabi/13.3.1/../../../../arm-none-eabi/lib/thumb/v7e-m+fp/hard\libc_nano.a(libc_a-findfp.o) (__sread)
C:/ST/STM32CubeIDE_1.18.0/STM32CubeIDE/plugins/com.st.stm32cube.ide.mcu.externaltools.gnu-tools-for-stm32.13.3.rel1.win32_1.0.0.202411081344/tools/bin/../lib/gcc/arm-none-eabi/13.3.1/../../../../arm-none-eabi/lib/thumb/v7e-m+fp/hard\libc_nano.a(libc_a-memset.o)
                              C:/ST/STM32CubeIDE_1.18.0/STM32CubeIDE/plugins/com.st.stm32cube.ide.mcu.externaltools.gnu-tools-for-stm32.13.3.rel1.win32_1.0.0.202411081344/tools/bin/../lib/gcc/arm-none-eabi/13.3.1/../../../../arm-none-eabi/lib/thumb/v7e-m+fp/hard/crt0.o (memset)
C:/ST/STM32CubeIDE_1.18.0/STM32CubeIDE/plugins/com.st.stm32cube.ide.mcu.externaltools.gnu-tools-for-stm32.13.3.rel1.win32_1.0.0.202411081344/tools/bin/../lib/gcc/arm-none-eabi/13.3.1/../../../../arm-none-eabi/lib/thumb/v7e-m+fp/hard\libc_nano.a(libc_a-closer.o)
                              C:/ST/STM32CubeIDE_1.18.0/STM32CubeIDE/plugins/com.st.stm32cube.ide.mcu.externaltools.gnu-tools-for-stm32.13.3.rel1.win32_1.0.0.202411081344/tools/bin/../lib/gcc/arm-none-eabi/13.3.1/../../../../arm-none-eabi/lib/thumb/v7e-m+fp/hard\libc_nano.a(libc_a-stdio.o) (_close_r)
C:/ST/STM32CubeIDE_1.18.0/STM32CubeIDE/plugins/com.st.stm32cube.ide.mcu.externaltools.gnu-tools-for-stm32.13.3.rel1.win32_1.0.0.202411081344/tools/bin/../lib/gcc/arm-none-eabi/13.3.1/../../../../arm-none-eabi/lib/thumb/v7e-m+fp/hard\libc_nano.a(libc_a-reent.o)
                              C:/ST/STM32CubeIDE_1.18.0/STM32CubeIDE/plugins/com.st.stm32cube.ide.mcu.externaltools.gnu-tools-for-stm32.13.3.rel1.win32_1.0.0.202411081344/tools/bin/../lib/gcc/arm-none-eabi/13.3.1/../../../../arm-none-eabi/lib/thumb/v7e-m+fp/hard\libc_nano.a(libc_a-closer.o) (errno)
C:/ST/STM32CubeIDE_1.18.0/STM32CubeIDE/plugins/com.st.stm32cube.ide.mcu.externaltools.gnu-tools-for-stm32.13.3.rel1.win32_1.0.0.202411081344/tools/bin/../lib/gcc/arm-none-eabi/13.3.1/../../../../arm-none-eabi/lib/thumb/v7e-m+fp/hard\libc_nano.a(libc_a-impure.o)
                              C:/ST/STM32CubeIDE_1.18.0/STM32CubeIDE/plugins/com.st.stm32cube.ide.mcu.externaltools.gnu-tools-for-stm32.13.3.rel1.win32_1.0.0.202411081344/tools/bin/../lib/gcc/arm-none-eabi/13.3.1/../../../../arm-none-eabi/lib/thumb/v7e-m+fp/hard\libc_nano.a(libc_a-reent.o) (_impure_ptr)
C:/ST/STM32CubeIDE_1.18.0/STM32CubeIDE/plugins/com.st.stm32cube.ide.mcu.externaltools.gnu-tools-for-stm32.13.3.rel1.win32_1.0.0.202411081344/tools/bin/../lib/gcc/arm-none-eabi/13.3.1/../../../../arm-none-eabi/lib/thumb/v7e-m+fp/hard\libc_nano.a(libc_a-lseekr.o)
[...]
Memory Configuration

Name             Origin             Length             Attributes
CCMRAM           0x10000000         0x00010000         xrw
RAM              0x20000000         0x00020000         xrw
FLASH            0x08000000         0x00100000         xr
*default*        0x00000000         0xffffffff

Linker script and memory map

LOAD C:/ST/STM32CubeIDE_1.18.0/STM32CubeIDE/plugins/com.st.stm32cube.ide.mcu.externaltools.gnu-tools-for-stm32.13.3.rel1.win32_1.0.0.202411081344/tools/bin/../lib/gcc/arm-none-eabi/13.3.1/thumb/v7e-m+fp/hard/crti.o
LOAD C:/ST/STM32CubeIDE_1.18.0/STM32CubeIDE/plugins/com.st.stm32cube.ide.mcu.externaltools.gnu-tools-for-stm32.13.3.rel1.win32_1.0.0.202411081344/tools/bin/../lib/gcc/arm-none-eabi/13.3.1/thumb/v7e-m+fp/hard/crtbegin.o
LOAD C:/ST/STM32CubeIDE_1.18.0/STM32CubeIDE/plugins/com.st.stm32cube.ide.mcu.externaltools.gnu-tools-for-stm32.13.3.rel1.win32_1.0.0.202411081344/tools/bin/../lib/gcc/arm-none-eabi/13.3.1/../../../../arm-none-eabi/lib/thumb/v7e-m+fp/hard/crt0.o
LOAD ./Core/Src/main.o
LOAD ./Core/Src/manual_lcd.o
LOAD ./Core/Src/stm32f4xx_hal_msp.o
LOAD ./Core/Src/stm32f4xx_it.o
LOAD ./Core/Src/syscalls.o
LOAD ./Core/Src/sysmem.o
LOAD ./Core/Src/system_stm32f4xx.o
LOAD ./Core/Src/task2.o
LOAD ./Core/Startup/startup_stm32f405rgtx.o
LOAD ./Drivers/STM32F4xx_HAL_Driver/Src/stm32f4xx_hal.o
LOAD ./Drivers/STM32F4xx_HAL_Driver/Src/stm32f4xx_hal_cortex.o
LOAD ./Drivers/STM32F4xx_HAL_Driver/Src/stm32f4xx_hal_dma.o
LOAD ./Drivers/STM32F4xx_HAL_Driver/Src/stm32f4xx_hal_dma_ex.o
LOAD ./Drivers/STM32F4xx_HAL_Driver/Src/stm32f4xx_hal_exti.o
LOAD ./Drivers/STM32F4xx_HAL_Driver/Src/stm32f4xx_hal_flash.o
LOAD ./Drivers/STM32F4xx_HAL_Driver/Src/stm32f4xx_hal_flash_ex.o
LOAD ./Drivers/STM32F4xx_HAL_Driver/Src/stm32f4xx_hal_flash_ramfunc.o
LOAD ./Drivers/STM32F4xx_HAL_Driver/Src/stm32f4xx_hal_gpio.o
LOAD ./Drivers/STM32F4xx_HAL_Driver/Src/stm32f4xx_hal_pwr.o
LOAD ./Drivers/STM32F4xx_HAL_Driver/Src/stm32f4xx_hal_pwr_ex.o
LOAD ./Drivers/STM32F4xx_HAL_Driver/Src/stm32f4xx_hal_rcc.o
LOAD ./Drivers/STM32F4xx_HAL_Driver/Src/stm32f4xx_hal_rcc_ex.o
LOAD ./Drivers/STM32F4xx_HAL_Driver/Src/stm32f4xx_hal_spi.o
START GROUP
LOAD C:/ST/STM32CubeIDE_1.18.0/STM32CubeIDE/plugins/com.st.stm32cube.ide.mcu.externaltools.gnu-tools-for-stm32.13.3.rel1.win32_1.0.0.202411081344/tools/bin/../lib/gcc/arm-none-eabi/13.3.1/../../../../arm-none-eabi/lib/thumb/v7e-m+fp/hard\libc_nano.a
LOAD C:/ST/STM32CubeIDE_1.18.0/STM32CubeIDE/plugins/com.st.stm32cube.ide.mcu.externaltools.gnu-tools-for-stm32.13.3.rel1.win32_1.0.0.202411081344/tools/bin/../lib/gcc/arm-none-eabi/13.3.1/../../../../arm-none-eabi/lib/thumb/v7e-m+fp/hard\libm.a
END GROUP
START GROUP
LOAD C:/ST/STM32CubeIDE_1.18.0/STM32CubeIDE/plugins/com.st.stm32cube.ide.mcu.externaltools.gnu-tools-for-stm32.13.3.rel1.win32_1.0.0.202411081344/tools/bin/../lib/gcc/arm-none-eabi/13.3.1/thumb/v7e-m+fp/hard\libgcc.a
LOAD C:/ST/STM32CubeIDE_1.18.0/STM32CubeIDE/plugins/com.st.stm32cube.ide.mcu.externaltools.gnu-tools-for-stm32.13.3.rel1.win32_1.0.0.202411081344/tools/bin/../lib/gcc/arm-none-eabi/13.3.1/../../../../arm-none-eabi/lib/thumb/v7e-m+fp/hard\libc_nano.a
END GROUP
START GROUP
LOAD C:/ST/STM32CubeIDE_1.18.0/STM32CubeIDE/plugins/com.st.stm32cube.ide.mcu.externaltools.gnu-tools-for-stm32.13.3.rel1.win32_1.0.0.202411081344/tools/bin/../lib/gcc/arm-none-eabi/13.3.1/thumb/v7e-m+fp/hard\libgcc.a
LOAD C:/ST/STM32CubeIDE_1.18.0/STM32CubeIDE/plugins/com.st.stm32cube.ide.mcu.externaltools.gnu-tools-for-stm32.13.3.rel1.win32_1.0.0.202411081344/tools/bin/../lib/gcc/arm-none-eabi/13.3.1/../../../../arm-none-eabi/lib/thumb/v7e-m+fp/hard\libc_nano.a
LOAD C:/ST/STM32CubeIDE_1.18.0/STM32CubeIDE/plugins/com.st.stm32cube.ide.mcu.externaltools.gnu-tools-for-stm32.13.3.rel1.win32_1.0.0.202411081344/tools/bin/../lib/gcc/arm-none-eabi/13.3.1/../../../../arm-none-eabi/lib/thumb/v7e-m+fp/hard\libnosys.a
END GROUP
START GROUP
LOAD C:/ST/STM32CubeIDE_1.18.0/STM32CubeIDE/plugins/com.st.stm32cube.ide.mcu.externaltools.gnu-tools-for-stm32.13.3.rel1.win32_1.0.0.202411081344/tools/bin/../lib/gcc/arm-none-eabi/13.3.1/thumb/v7e-m+fp/hard\libgcc.a
LOAD C:/ST/STM32CubeIDE_1.18.0/STM32CubeIDE/plugins/com.st.stm32cube.ide.mcu.externaltools.gnu-tools-for-stm32.13.3.rel1.win32_1.0.0.202411081344/tools/bin/../lib/gcc/arm-none-eabi/13.3.1/../../../../arm-none-eabi/lib/thumb/v7e-m+fp/hard\libc_nano.a
LOAD C:/ST/STM32CubeIDE_1.18.0/STM32CubeIDE/plugins/com.st.stm32cube.ide.mcu.externaltools.gnu-tools-for-stm32.13.3.rel1.win32_1.0.0.202411081344/tools/bin/../lib/gcc/arm-none-eabi/13.3.1/../../../../arm-none-eabi/lib/thumb/v7e-m+fp/hard\libnosys.a
END GROUP
LOAD C:/ST/STM32CubeIDE_1.18.0/STM32CubeIDE/plugins/com.st.stm32cube.ide.mcu.externaltools.gnu-tools-for-stm32.13.3.rel1.win32_1.0.0.202411081344/tools/bin/../lib/gcc/arm-none-eabi/13.3.1/thumb/v7e-m+fp/hard/crtend.o
LOAD C:/ST/STM32CubeIDE_1.18.0/STM32CubeIDE/plugins/com.st.stm32cube.ide.mcu.externaltools.gnu-tools-for-stm32.13.3.rel1.win32_1.0.0.202411081344/tools/bin/../lib/gcc/arm-none-eabi/13.3.1/thumb/v7e-m+fp/hard/crtn.o
                0x20020000                        _estack = (ORIGIN (RAM) + LENGTH (RAM))
                0x00000200                        _Min_Heap_Size = 0x200
                0x00000400                        _Min_Stack_Size = 0x400

.isr_vector     0x08000000      0x188
                0x08000000                        . = ALIGN (0x4)
 *(.isr_vector)
 .isr_vector    0x08000000      0x188 ./Core/Startup/startup_stm32f405rgtx.o
                0x08000000                g_pfnVectors
                0x08000188                        . = ALIGN (0x4)

.text           0x08000188     0x257c
                0x08000188                        . = ALIGN (0x4)
 *(.text)
 .text          0x08000188       0x40 C:/ST/STM32CubeIDE_1.18.0/STM32CubeIDE/plugins/com.st.stm32cube.ide.mcu.externaltools.gnu-tools-for-stm32.13.3.rel1.win32_1.0.0.202411081344/tools/bin/../lib/gcc/arm-none-eabi/13.3.1/thumb/v7e-m+fp/hard/crtbegin.o
 .text          0x080001c8       0x30 C:/ST/STM32CubeIDE_1.18.0/STM32CubeIDE/plugins/com.st.stm32cube.ide.mcu.externaltools.gnu-tools-for-stm32.13.3.rel1.win32_1.0.0.202411081344/tools/bin/../lib/gcc/arm-none-eabi/13.3.1/thumb/v7e-m+fp/hard\libgcc.a(_aeabi_uldivmod.o)
                0x080001c8                __aeabi_uldivmod
 .text          0x080001f8      0x2f8 C:/ST/STM32CubeIDE_1.18.0/STM32CubeIDE/plugins/com.st.stm32cube.ide.mcu.externaltools.gnu-tools-for-stm32.13.3.rel1.win32_1.0.0.202411081344/tools/bin/../lib/gcc/arm-none-eabi/13.3.1/thumb/v7e-m+fp/hard\libgcc.a(_udivmoddi4.o)
                0x080001f8                __udivmoddi4
 .text          0x080004f0        0x4 C:/ST/STM32CubeIDE_1.18.0/STM32CubeIDE/plugins/com.st.stm32cube.ide.mcu.externaltools.gnu-tools-for-stm32.13.3.rel1.win32_1.0.0.202411081344/tools/bin/../lib/gcc/arm-none-eabi/13.3.1/thumb/v7e-m+fp/hard\libgcc.a(_dvmd_tls.o)
                0x080004f0                __aeabi_idiv0
                0x080004f0                __aeabi_ldiv0
 *(.text*)
 .text.main     0x080004f4       0x68 ./Core/Src/main.o
                0x080004f4                main
 .text.SystemClock_Config
                0x0800055c       0xbc ./Core/Src/main.o
                0x0800055c                SystemClock_Config
 .text.MX_SPI1_Init
                0x08000618       0x6c ./Core/Src/main.o
 .text.MX_GPIO_Init
                0x08000684      0x114 ./Core/Src/main.o
 .text.Error_Handler
                0x08000798        0xc ./Core/Src/main.o
                0x08000798                Error_Handler
 .text.Manual_LCD_Init
                0x080007a4       0x4c ./Core/Src/manual_lcd.o
                0x080007a4                Manual_LCD_Init
 .text.Manual_LCD_BacklightOn
                0x080007f0       0x18 ./Core/Src/manual_lcd.o
                0x080007f0                Manual_LCD_BacklightOn
 .text.Manual_LCD_SetWindow
                0x08000808       0xe8 ./Core/Src/manual_lcd.o
                0x08000808                Manual_LCD_SetWindow
 .text.Manual_LCD_FillScreen
                0x080008f0       0x5c ./Core/Src/manual_lcd.o
                0x080008f0                Manual_LCD_FillScreen
 .text.Manual_LCD_FillRectangle
                0x0800094c       0xd0 ./Core/Src/manual_lcd.o
                0x0800094c                Manual_LCD_FillRectangle
 .text.Manual_LCD_DrawRectangle
                0x08000a1c       0xd6 ./Core/Src/manual_lcd.o
                0x08000a1c                Manual_LCD_DrawRectangle
 .text.Manual_LCD_DrawChar
                0x08000af2       0xde ./Core/Src/manual_lcd.o
                0x08000af2                Manual_LCD_DrawChar
 .text.Manual_LCD_WriteString
                0x08000bd0       0x7c ./Core/Src/manual_lcd.o
                0x08000bd0                Manual_LCD_WriteString
 .text.Manual_LCD_DrawLayout
                0x08000c4c      0x214 ./Core/Src/manual_lcd.o
                0x08000c4c                Manual_LCD_DrawLayout
 .text.LCD_Select
                0x08000e60       0x18 ./Core/Src/manual_lcd.o
 .text.LCD_Deselect
                0x08000e78       0x18 ./Core/Src/manual_lcd.o
 .text.LCD_SetDataMode
                0x08000e90       0x18 ./Core/Src/manual_lcd.o
 .text.LCD_SetCommandMode
                0x08000ea8       0x18 ./Core/Src/manual_lcd.o
 .text.LCD_Reset
                0x08000ec0       0x30 ./Core/Src/manual_lcd.o
 .text.LCD_SPI_Transmit
                0x08000ef0       0x28 ./Core/Src/manual_lcd.o
 .text.LCD_SendCommand
                0x08000f18       0x28 ./Core/Src/manual_lcd.o
 .text.LCD_SendData
                0x08000f40       0x28 ./Core/Src/manual_lcd.o
 .text.LCD_SendDataBuffer
                0x08000f68       0x2a ./Core/Src/manual_lcd.o
 .text.LCD_WriteData16
                0x08000f92       0x2e ./Core/Src/manual_lcd.o
 .text.HAL_MspInit
                0x08000fc0       0x50 ./Core/Src/stm32f4xx_hal_msp.o
                0x08000fc0                HAL_MspInit
 .text.HAL_SPI_MspInit
                0x08001010       0xd0 ./Core/Src/stm32f4xx_hal_msp.o
                0x08001010                HAL_SPI_MspInit
 .text.NMI_Handler
                0x080010e0        0x8 ./Core/Src/stm32f4xx_it.o
                0x080010e0                NMI_Handler
 .text.HardFault_Handler
                0x080010e8        0x8 ./Core/Src/stm32f4xx_it.o
                0x080010e8                HardFault_Handler
 .text.MemManage_Handler
                0x080010f0        0x8 ./Core/Src/stm32f4xx_it.o
                0x080010f0                MemManage_Handler
 .text.BusFault_Handler
                0x080010f8        0x8 ./Core/Src/stm32f4xx_it.o
                0x080010f8                BusFault_Handler
 .text.UsageFault_Handler
                0x08001100        0x8 ./Core/Src/stm32f4xx_it.o
                0x08001100                UsageFault_Handler
 .text.SVC_Handler
                0x08001108        0xe ./Core/Src/stm32f4xx_it.o
                0x08001108                SVC_Handler
 .text.DebugMon_Handler
                0x08001116        0xe ./Core/Src/stm32f4xx_it.o
                0x08001116                DebugMon_Handler
 .text.PendSV_Handler
                0x08001124        0xe ./Core/Src/stm32f4xx_it.o
                0x08001124                PendSV_Handler
 .text.SysTick_Handler
                0x08001132        0xc ./Core/Src/stm32f4xx_it.o
                0x08001132                SysTick_Handler
 .text.EXTI4_IRQHandler
                0x0800113e        0xe ./Core/Src/stm32f4xx_it.o
                0x0800113e                EXTI4_IRQHandler
 .text.SystemInit
                0x0800114c       0x24 ./Core/Src/system_stm32f4xx.o
                0x0800114c                SystemInit
 .text.Reset_Handler
                0x08001170       0x50 ./Core/Startup/startup_stm32f405rgtx.o
                0x08001170                Reset_Handler
 .text.Default_Handler
                0x080011c0        0x2 ./Core/Startup/startup_stm32f405rgtx.o
                0x080011c0                RTC_Alarm_IRQHandler
                0x080011c0                HASH_RNG_IRQHandler
                0x080011c0                EXTI2_IRQHandler
                0x080011c0                TIM8_CC_IRQHandler
                0x080011c0                TIM1_CC_IRQHandler
                0x080011c0                DMA2_Stream5_IRQHandler
                0x080011c0                DMA1_Stream5_IRQHandler
                0x080011c0                PVD_IRQHandler
                0x080011c0                SDIO_IRQHandler
                0x080011c0                TAMP_STAMP_IRQHandler
                0x080011c0                CAN2_RX1_IRQHandler
                0x080011c0                EXTI3_IRQHandler
                0x080011c0                TIM8_TRG_COM_TIM14_IRQHandler
                0x080011c0                TIM1_UP_TIM10_IRQHandler
                0x080011c0                TIM8_UP_TIM13_IRQHandler
                0x080011c0                I2C3_ER_IRQHandler
                0x080011c0                EXTI0_IRQHandler
                0x080011c0                I2C2_EV_IRQHandler
                0x080011c0                DMA1_Stream2_IRQHandler
                0x080011c0                CAN1_RX0_IRQHandler
                0x080011c0                FPU_IRQHandler
                0x080011c0                OTG_HS_WKUP_IRQHandler
                0x080011c0                CAN2_SCE_IRQHandler
                0x080011c0                DMA2_Stream2_IRQHandler
                0x080011c0                SPI1_IRQHandler
                0x080011c0                TIM6_DAC_IRQHandler
                0x080011c0                TIM1_BRK_TIM9_IRQHandler
                0x080011c0                CAN2_RX0_IRQHandler
                0x080011c0                DMA2_Stream3_IRQHandler
                0x080011c0                USART6_IRQHandler
                0x080011c0                USART3_IRQHandler
                0x080011c0                CAN1_RX1_IRQHandler
                0x080011c0                UART5_IRQHandler
                0x080011c0                DMA2_Stream0_IRQHandler
                0x080011c0                TIM4_IRQHandler
                0x080011c0                I2C1_EV_IRQHandler
                0x080011c0                DMA1_Stream6_IRQHandler
                0x080011c0                DMA1_Stream1_IRQHandler
                0x080011c0                UART4_IRQHandler
                0x080011c0                TIM3_IRQHandler
                0x080011c0                RCC_IRQHandler
                0x080011c0                TIM8_BRK_TIM12_IRQHandler
                0x080011c0                Default_Handler
                0x080011c0                EXTI15_10_IRQHandler
                0x080011c0                ADC_IRQHandler
                0x080011c0                DMA1_Stream7_IRQHandler
                0x080011c0                TIM7_IRQHandler
                0x080011c0                CAN2_TX_IRQHandler
                0x080011c0                TIM5_IRQHandler
                0x080011c0                DMA2_Stream7_IRQHandler
                0x080011c0                I2C3_EV_IRQHandler
                0x080011c0                EXTI9_5_IRQHandler
                0x080011c0                RTC_WKUP_IRQHandler
                0x080011c0                SPI2_IRQHandler
                0x080011c0                OTG_HS_EP1_IN_IRQHandler
                0x080011c0                DMA1_Stream0_IRQHandler
                0x080011c0                CAN1_TX_IRQHandler
                0x080011c0                FSMC_IRQHandler
                0x080011c0                OTG_HS_EP1_OUT_IRQHandler
                0x080011c0                WWDG_IRQHandler
                0x080011c0                TIM2_IRQHandler
                0x080011c0                OTG_FS_WKUP_IRQHandler
                0x080011c0                TIM1_TRG_COM_TIM11_IRQHandler
                0x080011c0                OTG_HS_IRQHandler
                0x080011c0                EXTI1_IRQHandler
                0x080011c0                USART2_IRQHandler
                0x080011c0                I2C2_ER_IRQHandler
                0x080011c0                DMA2_Stream1_IRQHandler
                0x080011c0                CAN1_SCE_IRQHandler
                0x080011c0                FLASH_IRQHandler
                0x080011c0                DMA2_Stream4_IRQHandler
                0x080011c0                USART1_IRQHandler
                0x080011c0                OTG_FS_IRQHandler
                0x080011c0                SPI3_IRQHandler
                0x080011c0                DMA1_Stream4_IRQHandler
                0x080011c0                I2C1_ER_IRQHandler
                0x080011c0                DMA2_Stream6_IRQHandler
                0x080011c0                DMA1_Stream3_IRQHandler
 *fill*         0x080011c2        0x2 
 .text.HAL_Init
                0x080011c4       0x44 ./Drivers/STM32F4xx_HAL_Driver/Src/stm32f4xx_hal.o
                0x080011c4                HAL_Init
 .text.HAL_InitTick
                0x08001208       0x60 ./Drivers/STM32F4xx_HAL_Driver/Src/stm32f4xx_hal.o
                0x08001208                HAL_InitTick
 .text.HAL_IncTick
                0x08001268       0x28 ./Drivers/STM32F4xx_HAL_Driver/Src/stm32f4xx_hal.o
                0x08001268                HAL_IncTick
 .text.HAL_GetTick
                0x08001290       0x18 ./Drivers/STM32F4xx_HAL_Driver/Src/stm32f4xx_hal.o
                0x08001290                HAL_GetTick
 .text.HAL_Delay
                0x080012a8       0x48 ./Drivers/STM32F4xx_HAL_Driver/Src/stm32f4xx_hal.o
                0x080012a8                HAL_Delay
 .text.__NVIC_SetPriorityGrouping
                0x080012f0       0x48 ./Drivers/STM32F4xx_HAL_Driver/Src/stm32f4xx_hal_cortex.o
 .text.__NVIC_GetPriorityGrouping
                0x08001338       0x1c ./Drivers/STM32F4xx_HAL_Driver/Src/stm32f4xx_hal_cortex.o
 .text.__NVIC_EnableIRQ
                0x08001354       0x3c ./Drivers/STM32F4xx_HAL_Driver/Src/stm32f4xx_hal_cortex.o
 .text.__NVIC_SetPriority
                0x08001390       0x54 ./Drivers/STM32F4xx_HAL_Driver/Src/stm32f4xx_hal_cortex.o
 .text.NVIC_EncodePriority
                0x080013e4       0x66 ./Drivers/STM32F4xx_HAL_Driver/Src/stm32f4xx_hal_cortex.o
 *fill*         0x0800144a        0x2 
 .text.SysTick_Config
                0x0800144c       0x44 ./Drivers/STM32F4xx_HAL_Driver/Src/stm32f4xx_hal_cortex.o
 .text.HAL_NVIC_SetPriorityGrouping
                0x08001490       0x16 ./Drivers/STM32F4xx_HAL_Driver/Src/stm32f4xx_hal_cortex.o
                0x08001490                HAL_NVIC_SetPriorityGrouping
 .text.HAL_NVIC_SetPriority
                0x080014a6       0x38 ./Drivers/STM32F4xx_HAL_Driver/Src/stm32f4xx_hal_cortex.o
                0x080014a6                HAL_NVIC_SetPriority
 .text.HAL_NVIC_EnableIRQ
                0x080014de       0x1c ./Drivers/STM32F4xx_HAL_Driver/Src/stm32f4xx_hal_cortex.o
                0x080014de                HAL_NVIC_EnableIRQ
 .text.HAL_SYSTICK_Config
                0x080014fa       0x18 ./Drivers/STM32F4xx_HAL_Driver/Src/stm32f4xx_hal_cortex.o
                0x080014fa                HAL_SYSTICK_Config
 *fill*         0x08001512        0x2 
 .text.HAL_GPIO_Init
                0x08001514      0x338 ./Drivers/STM32F4xx_HAL_Driver/Src/stm32f4xx_hal_gpio.o
                0x08001514                HAL_GPIO_Init
 .text.HAL_GPIO_ReadPin
                0x0800184c       0x30 ./Drivers/STM32F4xx_HAL_Driver/Src/stm32f4xx_hal_gpio.o
                0x0800184c                HAL_GPIO_ReadPin
 .text.HAL_GPIO_WritePin
                0x0800187c       0x32 ./Drivers/STM32F4xx_HAL_Driver/Src/stm32f4xx_hal_gpio.o
                0x0800187c                HAL_GPIO_WritePin
 *fill*         0x080018ae        0x2 
 .text.HAL_GPIO_EXTI_IRQHandler
                0x080018b0       0x30 ./Drivers/STM32F4xx_HAL_Driver/Src/stm32f4xx_hal_gpio.o
                0x080018b0                HAL_GPIO_EXTI_IRQHandler
 .text.HAL_GPIO_EXTI_Callback
                0x080018e0       0x16 ./Drivers/STM32F4xx_HAL_Driver/Src/stm32f4xx_hal_gpio.o
                0x080018e0                HAL_GPIO_EXTI_Callback
 *fill*         0x080018f6        0x2 
 .text.HAL_RCC_OscConfig
                0x080018f8      0x4f0 ./Drivers/STM32F4xx_HAL_Driver/Src/stm32f4xx_hal_rcc.o
                0x080018f8                HAL_RCC_OscConfig
 .text.HAL_RCC_ClockConfig
                0x08001de8      0x1cc ./Drivers/STM32F4xx_HAL_Driver/Src/stm32f4xx_hal_rcc.o
                0x08001de8                HAL_RCC_ClockConfig
 .text.HAL_RCC_GetSysClockFreq
                0x08001fb4      0x18c ./Drivers/STM32F4xx_HAL_Driver/Src/stm32f4xx_hal_rcc.o
                0x08001fb4                HAL_RCC_GetSysClockFreq
 .text.HAL_SPI_Init
                0x08002140      0x112 ./Drivers/STM32F4xx_HAL_Driver/Src/stm32f4xx_hal_spi.o
                0x08002140                HAL_SPI_Init
 .text.HAL_SPI_Transmit
                0x08002252      0x288 ./Drivers/STM32F4xx_HAL_Driver/Src/stm32f4xx_hal_spi.o
                0x08002252                HAL_SPI_Transmit
 *fill*         0x080024da        0x2 
 .text.SPI_WaitFlagStateUntilTimeout
                0x080024dc      0x110 ./Drivers/STM32F4xx_HAL_Driver/Src/stm32f4xx_hal_spi.o
 .text.SPI_EndRxTxTransaction
                0x080025ec       0xa8 ./Drivers/STM32F4xx_HAL_Driver/Src/stm32f4xx_hal_spi.o
 .text.memset   0x08002694       0x10 C:/ST/STM32CubeIDE_1.18.0/STM32CubeIDE/plugins/com.st.stm32cube.ide.mcu.externaltools.gnu-tools-for-stm32.13.3.rel1.win32_1.0.0.202411081344/tools/bin/../lib/gcc/arm-none-eabi/13.3.1/../../../../arm-none-eabi/lib/thumb/v7e-m+fp/hard\libc_nano.a(libc_a-memset.o)
                0x08002694                memset
 .text.__libc_init_array
                0x080026a4       0x48 C:/ST/STM32CubeIDE_1.18.0/STM32CubeIDE/plugins/com.st.stm32cube.ide.mcu.externaltools.gnu-tools-for-stm32.13.3.rel1.win32_1.0.0.202411081344/tools/bin/../lib/gcc/arm-none-eabi/13.3.1/../../../../arm-none-eabi/lib/thumb/v7e-m+fp/hard\libc_nano.a(libc_a-init.o)
                0x080026a4                __libc_init_array
 *(.glue_7)
 .glue_7        0x080026ec        0x0 linker stubs
 *(.glue_7t)
 .glue_7t       0x080026ec        0x0 linker stubs
 *(.eh_frame)
 .eh_frame      0x080026ec        0x0 C:/ST/STM32CubeIDE_1.18.0/STM32CubeIDE/plugins/com.st.stm32cube.ide.mcu.externaltools.gnu-tools-for-stm32.13.3.rel1.win32_1.0.0.202411081344/tools/bin/../lib/gcc/arm-none-eabi/13.3.1/thumb/v7e-m+fp/hard/crtbegin.o
 *(.init)
 .init          0x080026ec        0x4 C:/ST/STM32CubeIDE_1.18.0/STM32CubeIDE/plugins/com.st.stm32cube.ide.mcu.externaltools.gnu-tools-for-stm32.13.3.rel1.win32_1.0.0.202411081344/tools/bin/../lib/gcc/arm-none-eabi/13.3.1/thumb/v7e-m+fp/hard/crti.o
                0x080026ec                _init
 .init          0x080026f0        0x8 C:/ST/STM32CubeIDE_1.18.0/STM32CubeIDE/plugins/com.st.stm32cube.ide.mcu.externaltools.gnu-tools-for-stm32.13.3.rel1.win32_1.0.0.202411081344/tools/bin/../lib/gcc/arm-none-eabi/13.3.1/thumb/v7e-m+fp/hard/crtn.o
 *(.fini)
 .fini          0x080026f8        0x4 C:/ST/STM32CubeIDE_1.18.0/STM32CubeIDE/plugins/com.st.stm32cube.ide.mcu.externaltools.gnu-tools-for-stm32.13.3.rel1.win32_1.0.0.202411081344/tools/bin/../lib/gcc/arm-none-eabi/13.3.1/thumb/v7e-m+fp/hard/crti.o
                0x080026f8                _fini
 .fini          0x080026fc        0x8 C:/ST/STM32CubeIDE_1.18.0/STM32CubeIDE/plugins/com.st.stm32cube.ide.mcu.externaltools.gnu-tools-for-stm32.13.3.rel1.win32_1.0.0.202411081344/tools/bin/../lib/gcc/arm-none-eabi/13.3.1/thumb/v7e-m+fp/hard/crtn.o
                0x08002704                        . = ALIGN (0x4)
                0x08002704                        _etext = .

.vfp11_veneer   0x08002704        0x0
 .vfp11_veneer  0x08002704        0x0 linker stubs

.v4_bx          0x08002704        0x0
 .v4_bx         0x08002704        0x0 linker stubs

.iplt           0x08002704        0x0
 .iplt          0x08002704        0x0 C:/ST/STM32CubeIDE_1.18.0/STM32CubeIDE/plugins/com.st.stm32cube.ide.mcu.externaltools.gnu-tools-for-stm32.13.3.rel1.win32_1.0.0.202411081344/tools/bin/../lib/gcc/arm-none-eabi/13.3.1/thumb/v7e-m+fp/hard/crtbegin.o

.rodata         0x08002704      0x238
                0x08002704                        . = ALIGN (0x4)
 *(.rodata)
 .rodata        0x08002704       0x43 ./Core/Src/manual_lcd.o
 *(.rodata*)
 *fill*         0x08002747        0x1 
 .rodata.Font8_Table
                0x08002748      0x1db ./Core/Src/manual_lcd.o
 *fill*         0x08002923        0x1 
 .rodata.Font8  0x08002924        0x8 ./Core/Src/manual_lcd.o
                0x08002924                Font8
 .rodata.AHBPrescTable
                0x0800292c       0x10 ./Core/Src/system_stm32f4xx.o
                0x0800292c                AHBPrescTable
                0x0800293c                        . = ALIGN (0x4)

.ARM.extab      0x0800293c        0x0
                0x0800293c                        . = ALIGN (0x4)
 *(.ARM.extab* .gnu.linkonce.armextab.*)
                0x0800293c                        . = ALIGN (0x4)

.ARM            0x0800293c        0x8
                0x0800293c                        . = ALIGN (0x4)
                0x0800293c                        __exidx_start = .
 *(.ARM.exidx*)
 .ARM.exidx     0x0800293c        0x8 C:/ST/STM32CubeIDE_1.18.0/STM32CubeIDE/plugins/com.st.stm32cube.ide.mcu.externaltools.gnu-tools-for-stm32.13.3.rel1.win32_1.0.0.202411081344/tools/bin/../lib/gcc/arm-none-eabi/13.3.1/thumb/v7e-m+fp/hard\libgcc.a(_udivmoddi4.o)
                0x08002944                        __exidx_end = .
                0x08002944                        . = ALIGN (0x4)

.preinit_array  0x08002944        0x0
                0x08002944                        . = ALIGN (0x4)
                0x08002944                        PROVIDE (__preinit_array_start = .)
 *(.preinit_array*)
                0x08002944                        PROVIDE (__preinit_array_end = .)
                0x08002944                        . = ALIGN (0x4)

.init_array     0x08002944        0x4
                0x08002944                        . = ALIGN (0x4)
                0x08002944                        PROVIDE (__init_array_start = .)
 *(SORT_BY_NAME(.init_array.*))
 *(.init_array*)
 .init_array    0x08002944        0x4 C:/ST/STM32CubeIDE_1.18.0/STM32CubeIDE/plugins/com.st.stm32cube.ide.mcu.externaltools.gnu-tools-for-stm32.13.3.rel1.win32_1.0.0.202411081344/tools/bin/../lib/gcc/arm-none-eabi/13.3.1/thumb/v7e-m+fp/hard/crtbegin.o
                0x08002948                        PROVIDE (__init_array_end = .)
                0x08002948                        . = ALIGN (0x4)

.fini_array     0x08002948        0x4
                0x08002948                        . = ALIGN (0x4)
                [!provide]                        PROVIDE (__fini_array_start = .)
 *(SORT_BY_NAME(.fini_array.*))
 *(.fini_array*)
 .fini_array    0x08002948        0x4 C:/ST/STM32CubeIDE_1.18.0/STM32CubeIDE/plugins/com.st.stm32cube.ide.mcu.externaltools.gnu-tools-for-stm32.13.3.rel1.win32_1.0.0.202411081344/tools/bin/../lib/gcc/arm-none-eabi/13.3.1/thumb/v7e-m+fp/hard/crtbegin.o
                [!provide]                        PROVIDE (__fini_array_end = .)
                0x0800294c                        . = ALIGN (0x4)
                0x0800294c                        _sidata = LOADADDR (.data)

.rel.dyn        0x0800294c        0x0
 .rel.iplt      0x0800294c        0x0 C:/ST/STM32CubeIDE_1.18.0/STM32CubeIDE/plugins/com.st.stm32cube.ide.mcu.externaltools.gnu-tools-for-stm32.13.3.rel1.win32_1.0.0.202411081344/tools/bin/../lib/gcc/arm-none-eabi/13.3.1/thumb/v7e-m+fp/hard/crtbegin.o

.data           0x20000000        0xc load address 0x0800294c
                0x20000000                        . = ALIGN (0x4)
                0x20000000                        _sdata = .
 *(.data)
 *(.data*)
 .data.SystemCoreClock
                0x20000000        0x4 ./Core/Src/system_stm32f4xx.o
                0x20000000                SystemCoreClock
 .data.uwTickPrio
                0x20000004        0x4 ./Drivers/STM32F4xx_HAL_Driver/Src/stm32f4xx_hal.o
                0x20000004                uwTickPrio
 .data.uwTickFreq
                0x20000008        0x1 ./Drivers/STM32F4xx_HAL_Driver/Src/stm32f4xx_hal.o
                0x20000008                uwTickFreq
 *(.RamFunc)
 *(.RamFunc*)
                0x2000000c                        . = ALIGN (0x4)
 *fill*         0x20000009        0x3 
                0x2000000c                        _edata = .
                0x08002958                        _siccmram = LOADADDR (.ccmram)

.igot.plt       0x2000000c        0x0 load address 0x08002958
 .igot.plt      0x2000000c        0x0 C:/ST/STM32CubeIDE_1.18.0/STM32CubeIDE/plugins/com.st.stm32cube.ide.mcu.externaltools.gnu-tools-for-stm32.13.3.rel1.win32_1.0.0.202411081344/tools/bin/../lib/gcc/arm-none-eabi/13.3.1/thumb/v7e-m+fp/hard/crtbegin.o

.ccmram         0x10000000        0x0 load address 0x08002958
                0x10000000                        . = ALIGN (0x4)
                0x10000000                        _sccmram = .
 *(.ccmram)
 *(.ccmram*)
                0x10000000                        . = ALIGN (0x4)
                0x10000000                        _eccmram = .
                0x10000000                        . = ALIGN (0x4)

.bss            0x2000000c       0x78
                0x2000000c                        _sbss = .
                0x2000000c                        __bss_start__ = _sbss
 *(.bss)
 .bss           0x2000000c       0x1c C:/ST/STM32CubeIDE_1.18.0/STM32CubeIDE/plugins/com.st.stm32cube.ide.mcu.externaltools.gnu-tools-for-stm32.13.3.rel1.win32_1.0.0.202411081344/tools/bin/../lib/gcc/arm-none-eabi/13.3.1/thumb/v7e-m+fp/hard/crtbegin.o
 *(.bss*)
 .bss.hspi1     0x20000028       0x58 ./Core/Src/main.o
                0x20000028                hspi1
 .bss.uwTick    0x20000080        0x4 ./Drivers/STM32F4xx_HAL_Driver/Src/stm32f4xx_hal.o
                0x20000080                uwTick
 *(COMMON)
                0x20000084                        . = ALIGN (0x4)
                0x20000084                        _ebss = .
                0x20000084                        __bss_end__ = _ebss

._user_heap_stack
                0x20000084      0x604
                0x20000088                        . = ALIGN (0x8)
 *fill*         0x20000084        0x4 
                [!provide]                        PROVIDE (end = .)
                0x20000088                        PROVIDE (_end = .)
                0x20000288                        . = (. + _Min_Heap_Size)
 *fill*         0x20000088      0x200 
                0x20000688                        . = (. + _Min_Stack_Size)
 *fill*         0x20000288      0x400 
                0x20000688                        . = ALIGN (0x8)

/DISCARD/
 libc.a(*)
 libm.a(*)
 libgcc.a(*)

.ARM.attributes
                0x00000000       0x30
 *(.ARM.attributes)
 .ARM.attributes
                0x00000000       0x22 C:/ST/STM32CubeIDE_1.18.0/STM32CubeIDE/plugins/com.st.stm32cube.ide.mcu.externaltools.gnu-tools-for-stm32.13.3.rel1.win32_1.0.0.202411081344/tools/bin/../lib/gcc/arm-none-eabi/13.3.1/thumb/v7e-m+fp/hard/crti.o
 .ARM.attributes
                0x00000022       0x34 C:/ST/STM32CubeIDE_1.18.0/STM32CubeIDE/plugins/com.st.stm32cube.ide.mcu.externaltools.gnu-tools-for-stm32.13.3.rel1.win32_1.0.0.202411081344/tools/bin/../lib/gcc/arm-none-eabi/13.3.1/thumb/v7e-m+fp/hard/crtbegin.o
 .ARM.attributes
                0x00000056       0x34 ./Core/Src/main.o
 .ARM.attributes
                0x0000008a       0x34 ./Core/Src/manual_lcd.o
 .ARM.attributes
                0x000000be       0x34 ./Core/Src/stm32f4xx_hal_msp.o
 .ARM.attributes
                0x000000f2       0x34 ./Core/Src/stm32f4xx_it.o
 .ARM.attributes
                0x00000126       0x34 ./Core/Src/system_stm32f4xx.o
 .ARM.attributes
                0x0000015a       0x21 ./Core/Startup/startup_stm32f405rgtx.o
 .ARM.attributes
                0x0000017b       0x34 ./Drivers/STM32F4xx_HAL_Driver/Src/stm32f4xx_hal.o
 .ARM.attributes
                0x000001af       0x34 ./Drivers/STM32F4xx_HAL_Driver/Src/stm32f4xx_hal_cortex.o
 .ARM.attributes
                0x000001e3       0x34 ./Drivers/STM32F4xx_HAL_Driver/Src/stm32f4xx_hal_gpio.o
 .ARM.attributes
                0x00000217       0x34 ./Drivers/STM32F4xx_HAL_Driver/Src/stm32f4xx_hal_rcc.o
 .ARM.attributes
                0x0000024b       0x34 ./Drivers/STM32F4xx_HAL_Driver/Src/stm32f4xx_hal_spi.o
 .ARM.attributes
                0x0000027f       0x34 C:/ST/STM32CubeIDE_1.18.0/STM32CubeIDE/plugins/com.st.stm32cube.ide.mcu.externaltools.gnu-tools-for-stm32.13.3.rel1.win32_1.0.0.202411081344/tools/bin/../lib/gcc/arm-none-eabi/13.3.1/../../../../arm-none-eabi/lib/thumb/v7e-m+fp/hard\libc_nano.a(libc_a-memset.o)
 .ARM.attributes
                0x000002b3       0x34 C:/ST/STM32CubeIDE_1.18.0/STM32CubeIDE/plugins/com.st.stm32cube.ide.mcu.externaltools.gnu-tools-for-stm32.13.3.rel1.win32_1.0.0.202411081344/tools/bin/../lib/gcc/arm-none-eabi/13.3.1/../../../../arm-none-eabi/lib/thumb/v7e-m+fp/hard\libc_nano.a(libc_a-init.o)
 .ARM.attributes
                0x000002e7       0x22 C:/ST/STM32CubeIDE_1.18.0/STM32CubeIDE/plugins/com.st.stm32cube.ide.mcu.externaltools.gnu-tools-for-stm32.13.3.rel1.win32_1.0.0.202411081344/tools/bin/../lib/gcc/arm-none-eabi/13.3.1/thumb/v7e-m+fp/hard\libgcc.a(_aeabi_uldivmod.o)
 .ARM.attributes
                0x00000309       0x34 C:/ST/STM32CubeIDE_1.18.0/STM32CubeIDE/plugins/com.st.stm32cube.ide.mcu.externaltools.gnu-tools-for-stm32.13.3.rel1.win32_1.0.0.202411081344/tools/bin/../lib/gcc/arm-none-eabi/13.3.1/thumb/v7e-m+fp/hard\libgcc.a(_udivmoddi4.o)
 .ARM.attributes
                0x0000033d       0x22 C:/ST/STM32CubeIDE_1.18.0/STM32CubeIDE/plugins/com.st.stm32cube.ide.mcu.externaltools.gnu-tools-for-stm32.13.3.rel1.win32_1.0.0.202411081344/tools/bin/../lib/gcc/arm-none-eabi/13.3.1/thumb/v7e-m+fp/hard\libgcc.a(_dvmd_tls.o)
 .ARM.attributes
                0x0000035f       0x22 C:/ST/STM32CubeIDE_1.18.0/STM32CubeIDE/plugins/com.st.stm32cube.ide.mcu.externaltools.gnu-tools-for-stm32.13.3.rel1.win32_1.0.0.202411081344/tools/bin/../lib/gcc/arm-none-eabi/13.3.1/thumb/v7e-m+fp/hard/crtn.o
OUTPUT(PROJECT_TEAM_9.elf elf32-littlearm)
LOAD linker stubs
LOAD C:/ST/STM32CubeIDE_1.18.0/STM32CubeIDE/plugins/com.st.stm32cube.ide.mcu.externaltools.gnu-tools-for-stm32.13.3.rel1.win32_1.0.0.202411081344/tools/bin/../lib/gcc/arm-none-eabi/13.3.1/../../../../arm-none-eabi/lib/thumb/v7e-m+fp/hard\libc.a
LOAD C:/ST/STM32CubeIDE_1.18.0/STM32CubeIDE/plugins/com.st.stm32cube.ide.mcu.externaltools.gnu-tools-for-stm32.13.3.rel1.win32_1.0.0.202411081344/tools/bin/../lib/gcc/arm-none-eabi/13.3.1/../../../../arm-none-eabi/lib/thumb/v7e-m+fp/hard\libm.a
LOAD C:/ST/STM32CubeIDE_1.18.0/STM32CubeIDE/plugins/com.st.stm32cube.ide.mcu.externaltools.gnu-tools-for-stm32.13.3.rel1.win32_1.0.0.202411081344/tools/bin/../lib/gcc/arm-none-eabi/13.3.1/thumb/v7e-m+fp/hard\libgcc.a

.debug_info     0x00000000     0x65b5
 .debug_info    0x00000000      0xe7e ./Core/Src/main.o
 .debug_info    0x00000e7e      0xc33 ./Core/Src/manual_lcd.o
 .debug_info    0x00001ab1      0x935 ./Core/Src/stm32f4xx_hal_msp.o
 .debug_info    0x000023e6      0x14a ./Core/Src/stm32f4xx_it.o
 .debug_info    0x00002530      0x512 ./Core/Src/system_stm32f4xx.o
 .debug_info    0x00002a42       0x30 ./Core/Startup/startup_stm32f405rgtx.o
 .debug_info    0x00002a72      0x932 ./Drivers/STM32F4xx_HAL_Driver/Src/stm32f4xx_hal.o
 .debug_info    0x000033a4      0xd7a ./Drivers/STM32F4xx_HAL_Driver/Src/stm32f4xx_hal_cortex.o
 .debug_info    0x0000411e      0x6c3 ./Drivers/STM32F4xx_HAL_Driver/Src/stm32f4xx_hal_gpio.o
 .debug_info    0x000047e1      0x8af ./Drivers/STM32F4xx_HAL_Driver/Src/stm32f4xx_hal_rcc.o
 .debug_info    0x00005090     0x1525 ./Drivers/STM32F4xx_HAL_Driver/Src/stm32f4xx_hal_spi.o

.debug_abbrev   0x00000000     0x14f2
 .debug_abbrev  0x00000000      0x29a ./Core/Src/main.o
 .debug_abbrev  0x0000029a      0x296 ./Core/Src/manual_lcd.o
 .debug_abbrev  0x00000530      0x1ae ./Core/Src/stm32f4xx_hal_msp.o
 .debug_abbrev  0x000006de       0xa0 ./Core/Src/stm32f4xx_it.o
 .debug_abbrev  0x0000077e      0x11a ./Core/Src/system_stm32f4xx.o
 .debug_abbrev  0x00000898       0x24 ./Core/Startup/startup_stm32f405rgtx.o
 .debug_abbrev  0x000008bc      0x214 ./Drivers/STM32F4xx_HAL_Driver/Src/stm32f4xx_hal.o
 .debug_abbrev  0x00000ad0      0x31d ./Drivers/STM32F4xx_HAL_Driver/Src/stm32f4xx_hal_cortex.o
 .debug_abbrev  0x00000ded      0x1d4 ./Drivers/STM32F4xx_HAL_Driver/Src/stm32f4xx_hal_gpio.o
 .debug_abbrev  0x00000fc1      0x2b7 ./Drivers/STM32F4xx_HAL_Driver/Src/stm32f4xx_hal_rcc.o
 .debug_abbrev  0x00001278      0x27a ./Drivers/STM32F4xx_HAL_Driver/Src/stm32f4xx_hal_spi.o

.debug_aranges  0x00000000      0x6b8
 .debug_aranges
                0x00000000       0x40 ./Core/Src/main.o
 .debug_aranges
                0x00000040       0xc0 ./Core/Src/manual_lcd.o
 .debug_aranges
                0x00000100       0x30 ./Core/Src/stm32f4xx_hal_msp.o
 .debug_aranges
                0x00000130       0x68 ./Core/Src/stm32f4xx_it.o
 .debug_aranges
                0x00000198       0x28 ./Core/Src/system_stm32f4xx.o
 .debug_aranges
                0x000001c0       0x28 ./Core/Startup/startup_stm32f405rgtx.o
 .debug_aranges
                0x000001e8       0xf0 ./Drivers/STM32F4xx_HAL_Driver/Src/stm32f4xx_hal.o
 .debug_aranges
                0x000002d8      0x130 ./Drivers/STM32F4xx_HAL_Driver/Src/stm32f4xx_hal_cortex.o
 .debug_aranges
                0x00000408       0x58 ./Drivers/STM32F4xx_HAL_Driver/Src/stm32f4xx_hal_gpio.o
 .debug_aranges
                0x00000460       0x88 ./Drivers/STM32F4xx_HAL_Driver/Src/stm32f4xx_hal_rcc.o
 .debug_aranges
                0x000004e8      0x1d0 ./Drivers/STM32F4xx_HAL_Driver/Src/stm32f4xx_hal_spi.o

.debug_rnglists
                0x00000000      0x4fc
 .debug_rnglists
                0x00000000       0x2d ./Core/Src/main.o
 .debug_rnglists
                0x0000002d       0x90 ./Core/Src/manual_lcd.o
 .debug_rnglists
                0x000000bd       0x20 ./Core/Src/stm32f4xx_hal_msp.o
 .debug_rnglists
                0x000000dd       0x49 ./Core/Src/stm32f4xx_it.o
 .debug_rnglists
                0x00000126       0x1a ./Core/Src/system_stm32f4xx.o
 .debug_rnglists
                0x00000140       0x19 ./Core/Startup/startup_stm32f405rgtx.o
 .debug_rnglists
                0x00000159       0xaf ./Drivers/STM32F4xx_HAL_Driver/Src/stm32f4xx_hal.o
 .debug_rnglists
                0x00000208       0xe0 ./Drivers/STM32F4xx_HAL_Driver/Src/stm32f4xx_hal_cortex.o
 .debug_rnglists
                0x000002e8       0x3f ./Drivers/STM32F4xx_HAL_Driver/Src/stm32f4xx_hal_gpio.o
 .debug_rnglists
                0x00000327       0x66 ./Drivers/STM32F4xx_HAL_Driver/Src/stm32f4xx_hal_rcc.o
 .debug_rnglists
                0x0000038d      0x16f ./Drivers/STM32F4xx_HAL_Driver/Src/stm32f4xx_hal_spi.o

.debug_macro    0x00000000    0x1d947
 .debug_macro   0x00000000      0x1c9 ./Core/Src/main.o
 .debug_macro   0x000001c9      0xad8 ./Core/Src/main.o
 .debug_macro   0x00000ca1      0x295 ./Core/Src/main.o
 .debug_macro   0x00000f36       0x2e ./Core/Src/main.o
 .debug_macro   0x00000f64       0x2f ./Core/Src/main.o
 .debug_macro   0x00000f93       0x22 ./Core/Src/main.o
 .debug_macro   0x00000fb5       0x8e ./Core/Src/main.o
 .debug_macro   0x00001043       0x51 ./Core/Src/main.o
 .debug_macro   0x00001094      0x103 ./Core/Src/main.o
 .debug_macro   0x00001197       0x6a ./Core/Src/main.o
 .debug_macro   0x00001201      0x1df ./Core/Src/main.o
 .debug_macro   0x000013e0       0x1c ./Core/Src/main.o
 .debug_macro   0x000013fc       0x22 ./Core/Src/main.o
 .debug_macro   0x0000141e       0xfb ./Core/Src/main.o
 .debug_macro   0x00001519     0x1011 ./Core/Src/main.o
 .debug_macro   0x0000252a      0x11f ./Core/Src/main.o
 .debug_macro   0x00002649    0x1426d ./Core/Src/main.o
 .debug_macro   0x000168b6       0x6d ./Core/Src/main.o
 .debug_macro   0x00016923     0x369a ./Core/Src/main.o
 .debug_macro   0x00019fbd      0x190 ./Core/Src/main.o
 .debug_macro   0x0001a14d       0x5c ./Core/Src/main.o
 .debug_macro   0x0001a1a9      0x8bc ./Core/Src/main.o
 .debug_macro   0x0001aa65      0x9e9 ./Core/Src/main.o
 .debug_macro   0x0001b44e      0x115 ./Core/Src/main.o
 .debug_macro   0x0001b563      0x130 ./Core/Src/main.o
 .debug_macro   0x0001b693       0xa5 ./Core/Src/main.o
 .debug_macro   0x0001b738      0x174 ./Core/Src/main.o
 .debug_macro   0x0001b8ac      0x287 ./Core/Src/main.o
 .debug_macro   0x0001bb33       0x5f ./Core/Src/main.o
 .debug_macro   0x0001bb92      0x236 ./Core/Src/main.o
 .debug_macro   0x0001bdc8      0x12c ./Core/Src/main.o
 .debug_macro   0x0001bef4      0x21e ./Core/Src/main.o
 .debug_macro   0x0001c112       0x2e ./Core/Src/main.o
 .debug_macro   0x0001c140      0x127 ./Core/Src/main.o
 .debug_macro   0x0001c267       0x7e ./Core/Src/main.o
 .debug_macro   0x0001c2e5       0x89 ./Core/Src/main.o
 .debug_macro   0x0001c36e      0x225 ./Core/Src/main.o
 .debug_macro   0x0001c593      0x12d ./Core/Src/main.o
 .debug_macro   0x0001c6c0       0x76 ./Core/Src/main.o
 .debug_macro   0x0001c736      0x1de ./Core/Src/manual_lcd.o
 .debug_macro   0x0001c914      0x1a2 ./Core/Src/manual_lcd.o
 .debug_macro   0x0001cab6      0x1c9 ./Core/Src/stm32f4xx_hal_msp.o
 .debug_macro   0x0001cc7f      0x1d3 ./Core/Src/stm32f4xx_it.o
 .debug_macro   0x0001ce52      0x1ba ./Core/Src/system_stm32f4xx.o
 .debug_macro   0x0001d00c      0x21a ./Drivers/STM32F4xx_HAL_Driver/Src/stm32f4xx_hal.o
 .debug_macro   0x0001d226      0x1ba ./Drivers/STM32F4xx_HAL_Driver/Src/stm32f4xx_hal_cortex.o
 .debug_macro   0x0001d3e0      0x1c0 ./Drivers/STM32F4xx_HAL_Driver/Src/stm32f4xx_hal_gpio.o
 .debug_macro   0x0001d5a0      0x1de ./Drivers/STM32F4xx_HAL_Driver/Src/stm32f4xx_hal_rcc.o
 .debug_macro   0x0001d77e      0x1c9 ./Drivers/STM32F4xx_HAL_Driver/Src/stm32f4xx_hal_spi.o

.debug_line     0x00000000     0x782e
 .debug_line    0x00000000      0x838 ./Core/Src/main.o
 .debug_line    0x00000838      0xbad ./Core/Src/manual_lcd.o
 .debug_line    0x000013e5      0x773 ./Core/Src/stm32f4xx_hal_msp.o
 .debug_line    0x00001b58      0x7db ./Core/Src/stm32f4xx_it.o
 .debug_line    0x00002333      0x799 ./Core/Src/system_stm32f4xx.o
 .debug_line    0x00002acc       0x7a ./Core/Startup/startup_stm32f405rgtx.o
 .debug_line    0x00002b46      0xa06 ./Drivers/STM32F4xx_HAL_Driver/Src/stm32f4xx_hal.o
 .debug_line    0x0000354c      0xcd6 ./Drivers/STM32F4xx_HAL_Driver/Src/stm32f4xx_hal_cortex.o
 .debug_line    0x00004222      0xb5e ./Drivers/STM32F4xx_HAL_Driver/Src/stm32f4xx_hal_gpio.o
 .debug_line    0x00004d80      0xe13 ./Drivers/STM32F4xx_HAL_Driver/Src/stm32f4xx_hal_rcc.o
 .debug_line    0x00005b93     0x1c9b ./Drivers/STM32F4xx_HAL_Driver/Src/stm32f4xx_hal_spi.o

.debug_str      0x00000000    0xb3ffb
 .debug_str     0x00000000    0xb3ffb ./Core/Src/main.o
                              0xb25d8 (size before relaxing)
 .debug_str     0x000b3ffb    0xb263d ./Core/Src/manual_lcd.o
 .debug_str     0x000b3ffb    0xb1eb0 ./Core/Src/stm32f4xx_hal_msp.o
 .debug_str     0x000b3ffb    0xb1979 ./Core/Src/stm32f4xx_it.o
 .debug_str     0x000b3ffb    0xb18c0 ./Core/Src/system_stm32f4xx.o
 .debug_str     0x000b3ffb       0x81 ./Core/Startup/startup_stm32f405rgtx.o
 .debug_str     0x000b3ffb    0xb2423 ./Drivers/STM32F4xx_HAL_Driver/Src/stm32f4xx_hal.o
 .debug_str     0x000b3ffb    0xb219f ./Drivers/STM32F4xx_HAL_Driver/Src/stm32f4xx_hal_cortex.o
 .debug_str     0x000b3ffb    0xb1a3b ./Drivers/STM32F4xx_HAL_Driver/Src/stm32f4xx_hal_gpio.o
 .debug_str     0x000b3ffb    0xb1cf4 ./Drivers/STM32F4xx_HAL_Driver/Src/stm32f4xx_hal_rcc.o
 .debug_str     0x000b3ffb    0xb217e ./Drivers/STM32F4xx_HAL_Driver/Src/stm32f4xx_hal_spi.o

.comment        0x00000000       0x43
 .comment       0x00000000       0x43 ./Core/Src/main.o
                                 0x44 (size before relaxing)
 .comment       0x00000043       0x44 ./Core/Src/manual_lcd.o
 .comment       0x00000043       0x44 ./Core/Src/stm32f4xx_hal_msp.o
 .comment       0x00000043       0x44 ./Core/Src/stm32f4xx_it.o
 .comment       0x00000043       0x44 ./Core/Src/system_stm32f4xx.o
 .comment       0x00000043       0x44 ./Drivers/STM32F4xx_HAL_Driver/Src/stm32f4xx_hal.o
 .comment       0x00000043       0x44 ./Drivers/STM32F4xx_HAL_Driver/Src/stm32f4xx_hal_cortex.o
 .comment       0x00000043       0x44 ./Drivers/STM32F4xx_HAL_Driver/Src/stm32f4xx_hal_gpio.o
 .comment       0x00000043       0x44 ./Drivers/STM32F4xx_HAL_Driver/Src/stm32f4xx_hal_rcc.o
 .comment       0x00000043       0x44 ./Drivers/STM32F4xx_HAL_Driver/Src/stm32f4xx_hal_spi.o

.debug_frame    0x00000000     0x1a20
 .debug_frame   0x00000000       0xac ./Core/Src/main.o
 .debug_frame   0x000000ac      0x2ec ./Core/Src/manual_lcd.o
 .debug_frame   0x00000398       0x80 ./Core/Src/stm32f4xx_hal_msp.o
 .debug_frame   0x00000418      0x120 ./Core/Src/stm32f4xx_it.o
 .debug_frame   0x00000538       0x58 ./Core/Src/system_stm32f4xx.o
 .debug_frame   0x00000590      0x374 ./Drivers/STM32F4xx_HAL_Driver/Src/stm32f4xx_hal.o
 .debug_frame   0x00000904      0x508 ./Drivers/STM32F4xx_HAL_Driver/Src/stm32f4xx_hal_cortex.o
 .debug_frame   0x00000e0c      0x14c ./Drivers/STM32F4xx_HAL_Driver/Src/stm32f4xx_hal_gpio.o
 .debug_frame   0x00000f58      0x1f4 ./Drivers/STM32F4xx_HAL_Driver/Src/stm32f4xx_hal_rcc.o
 .debug_frame   0x0000114c      0x828 ./Drivers/STM32F4xx_HAL_Driver/Src/stm32f4xx_hal_spi.o
 .debug_frame   0x00001974       0x20 C:/ST/STM32CubeIDE_1.18.0/STM32CubeIDE/plugins/com.st.stm32cube.ide.mcu.externaltools.gnu-tools-for-stm32.13.3.rel1.win32_1.0.0.202411081344/tools/bin/../lib/gcc/arm-none-eabi/13.3.1/../../../../arm-none-eabi/lib/thumb/v7e-m+fp/hard\libc_nano.a(libc_a-memset.o)
 .debug_frame   0x00001994       0x2c C:/ST/STM32CubeIDE_1.18.0/STM32CubeIDE/plugins/com.st.stm32cube.ide.mcu.externaltools.gnu-tools-for-stm32.13.3.rel1.win32_1.0.0.202411081344/tools/bin/../lib/gcc/arm-none-eabi/13.3.1/../../../../arm-none-eabi/lib/thumb/v7e-m+fp/hard\libc_nano.a(libc_a-init.o)
 .debug_frame   0x000019c0       0x2c C:/ST/STM32CubeIDE_1.18.0/STM32CubeIDE/plugins/com.st.stm32cube.ide.mcu.externaltools.gnu-tools-for-stm32.13.3.rel1.win32_1.0.0.202411081344/tools/bin/../lib/gcc/arm-none-eabi/13.3.1/thumb/v7e-m+fp/hard\libgcc.a(_aeabi_uldivmod.o)
 .debug_frame   0x000019ec       0x34 C:/ST/STM32CubeIDE_1.18.0/STM32CubeIDE/plugins/com.st.stm32cube.ide.mcu.externaltools.gnu-tools-for-stm32.13.3.rel1.win32_1.0.0.202411081344/tools/bin/../lib/gcc/arm-none-eabi/13.3.1/thumb/v7e-m+fp/hard\libgcc.a(_udivmoddi4.o)

.debug_line_str
                0x00000000       0x65
 .debug_line_str
                0x00000000       0x65 ./Core/Startup/startup_stm32f405rgtx.o
