../Core/Src/LTM022A69B.c:29:13:LTM_LCD_Select	8	static
../Core/Src/LTM022A69B.c:34:13:LTM_LCD_Deselect	8	static
../Core/Src/LTM022A69B.c:39:13:LTM_LCD_SetDataMode	8	static
../Core/Src/LTM022A69B.c:44:13:LTM_LCD_SetCommandMode	8	static
../Core/Src/LTM022A69B.c:49:13:LTM_LCD_Reset	8	static
../Core/Src/LTM022A69B.c:58:13:LTM_LCD_SPI_Transmit_Byte	16	static
../Core/Src/LTM022A69B.c:63:13:LTM_LCD_SPI_Transmit_Word	24	static
../Core/Src/LTM022A69B.c:81:6:LCD_WRITE_REG	16	static
../Core/Src/LTM022A69B.c:96:6:LCD_WRITE_COMMAND	16	static
../Core/Src/LTM022A69B.c:120:6:LCD_WRITE_DATA	16	static
../Core/Src/LTM022A69B.c:133:6:lcd_init	8	static
../Core/Src/LTM022A69B.c:221:6:lcd_clear_screen	24	static
../Core/Src/LTM022A69B.c:261:6:lcd_draw_dot	24	static
../Core/Src/LTM022A69B.c:299:6:lcd_display_char	56	static
../Core/Src/LTM022A69B.c:367:6:lcd_display_string	48	static
../Core/Src/LTM022A69B.c:403:6:lcd_display_test	32	static
