../Core/Src/manual_lcd.c:67:6:Manual_LCD_Init	8	static
../Core/Src/manual_lcd.c:83:6:Manual_LCD_BacklightOn	8	static
../Core/Src/manual_lcd.c:90:6:Manual_LCD_BacklightOff	8	static
../Core/Src/manual_lcd.c:97:6:Manual_LCD_SetWindow	40	static
../Core/Src/manual_lcd.c:119:6:Manual_LCD_DrawPixel	16	static
../Core/Src/manual_lcd.c:130:6:Manual_LCD_FillScreen	24	static
../Core/Src/manual_lcd.c:142:6:Manual_LCD_FillRectangle	32	static
../Core/Src/manual_lcd.c:159:6:Manual_LCD_DrawRectangle	32	static
../Core/Src/manual_lcd.c:173:6:Manual_LCD_DrawChar	40	static
../Core/Src/manual_lcd.c:203:6:Manual_LCD_WriteString	32	static
../Core/Src/manual_lcd.c:217:6:Manual_LCD_DrawLayout	24	static
../Core/Src/manual_lcd.c:256:13:LCD_Select	8	static
../Core/Src/manual_lcd.c:261:13:LCD_Deselect	8	static
../Core/Src/manual_lcd.c:266:13:LCD_SetDataMode	8	static
../Core/Src/manual_lcd.c:271:13:LCD_SetCommandMode	8	static
../Core/Src/manual_lcd.c:276:13:LCD_Reset	8	static
../Core/Src/manual_lcd.c:285:26:LCD_SPI_Transmit	16	static
../Core/Src/manual_lcd.c:290:13:LCD_SendCommand	16	static
../Core/Src/manual_lcd.c:298:13:LCD_SendData	16	static
../Core/Src/manual_lcd.c:306:13:LCD_SendDataBuffer	16	static
../Core/Src/manual_lcd.c:314:13:LCD_WriteData16	24	static
