../Core/Src/manual_lcd.c:9:13:LCD_SPI_Send	16	static
../Core/Src/manual_lcd.c:14:13:LCD_Write_Cmd	16	static
../Core/Src/manual_lcd.c:22:13:LCD_Write_Data	16	static
../Core/Src/manual_lcd.c:30:13:LCD_Write_Data16	24	static
../Core/Src/manual_lcd.c:42:13:LCD_Set_Address_Window	24	static
../Core/Src/manual_lcd.c:59:6:Manual_LCD_DrawCircle	32	static
../Core/Src/manual_lcd.c:89:6:Manual_LCD_Init	8	static
../Core/Src/manual_lcd.c:212:6:Manual_LCD_Clear	24	static
../Core/Src/manual_lcd.c:226:6:Manual_LCD_DrawPixel	16	static
../Core/Src/manual_lcd.c:234:6:Manual_LCD_DrawLine	40	static
../Core/Src/manual_lcd.c:281:6:Manual_LCD_DrawRectangle	32	static
../Core/Src/manual_lcd.c:296:6:Manual_LCD_FillRectangle	32	static
../Core/Src/manual_lcd.c:325:6:Manual_LCD_DrawChar	40	static
../Core/Src/manual_lcd.c:372:6:Manual_LCD_DrawString	40	static
../Core/Src/manual_lcd.c:389:6:Manual_LCD_DrawLayout	112	static
../Core/Src/manual_lcd.c:474:6:Manual_LCD_UpdateInfoText	40	static
../Core/Src/manual_lcd.c:494:6:Manual_LCD_RefillTaskBox	48	static
