../Core/Src/manual_touch.c:20:17:TP_Read_ADC_Raw	24	static
../Core/Src/manual_touch.c:44:6:Manual_Touch_Init	16	static
../Core/Src/manual_touch.c:52:9:Manual_Touch_Pressed	8	static
../Core/Src/manual_touch.c:58:9:Manual_Touch_GetRawPoint	96	static
../Core/Src/manual_touch.c:143:16:CalculateCalibrationMatrix	24	static
../Core/Src/manual_touch.c:168:9:Manual_Touch_ApplyCalibration	32	static
../Core/Src/manual_touch.c:200:13:DrawCalibrationCross	32	static
../Core/Src/manual_touch.c:207:6:Manual_Touch_Calibrate	88	static
../Core/Src/manual_touch.c:255:6:Manual_Touch_SetFixedCalibration	16	static
