../Core/Src/manual_lcd.c:9:13:LCD_SPI_Send	16	static
../Core/Src/manual_lcd.c:14:13:LCD_Write_Cmd	16	static
../Core/Src/manual_lcd.c:22:13:LCD_Write_Data	16	static
../Core/Src/manual_lcd.c:30:13:LCD_Write_Data16	24	static
../Core/Src/manual_lcd.c:42:13:LCD_Set_Address_Window	24	static
../Core/Src/manual_lcd.c:59:6:Manual_LCD_DrawCircle	32	static
../Core/Src/manual_lcd.c:89:6:Manual_LCD_Init	8	static
../Core/Src/manual_lcd.c:209:6:Manual_LCD_Clear	24	static
../Core/Src/manual_lcd.c:223:6:Manual_LCD_DrawPixel	16	static
../Core/Src/manual_lcd.c:231:6:Manual_LCD_DrawLine	40	static
../Core/Src/manual_lcd.c:278:6:Manual_LCD_DrawRectangle	32	static
../Core/Src/manual_lcd.c:293:6:Manual_LCD_FillRectangle	32	static
../Core/Src/manual_lcd.c:322:6:Manual_LCD_DrawChar	40	static
../Core/Src/manual_lcd.c:369:6:Manual_LCD_DrawString	40	static
../Core/Src/manual_lcd.c:386:6:Manual_LCD_DrawLayout	136	static
../Core/Src/manual_lcd.c:482:6:Manual_LCD_UpdateInfoText	56	static
../Core/Src/manual_lcd.c:507:6:Manual_LCD_RefillTaskBox	48	static
