../Core/Src/manual_touch.c:23:17:TP_Read_ADC_Raw	24	static
../Core/Src/manual_touch.c:47:6:Manual_Touch_Init	16	static
../Core/Src/manual_touch.c:55:9:Manual_Touch_Pressed	8	static
../Core/Src/manual_touch.c:61:9:Manual_Touch_GetRawPoint	96	static
../Core/Src/manual_touch.c:146:16:CalculateCalibrationMatrix	24	static
../Core/Src/manual_touch.c:171:9:Manual_Touch_ApplyCalibration	32	static
../Core/Src/manual_touch.c:203:13:DrawCalibrationCross	32	static
../Core/Src/manual_touch.c:210:6:Manual_Touch_Calibrate	88	static
../Core/Src/manual_touch.c:258:6:Manual_Touch_SetFixedCalibration	16	static
